// Jest Snapshot v1, https://goo.gl/fbAQLP

exports[`Pruebas en <GifGridItem /> debe de mostrar el component correctamente 1`] = `
<div
  className="card animate__animated animate__fadeIn"
>
  <img
    alt="Titulo de prueba"
    src="https://localhost/imagen.jpg"
  />
  <p>
    Titulo de prueba
  </p>
</div>
`;
